// Jest Snapshot v1, https://goo.gl/fbAQLP

exports[`Should render related button component renders Button component 1`] = `
<div>
  <button
    class="related-compare-button"
  >
    ‚≠ê
  </button>
</div>
`;
